$ cd /workspace/shadcn-ui
$ find /workspace/shadcn-ui/src/components -name "*.tsx" | head -10

/workspace/shadcn-ui/src/components/AdminLayout.tsx
/workspace/shadcn-ui/src/components/CartModal.tsx
/workspace/shadcn-ui/src/components/ComboModal.tsx
/workspace/shadcn-ui/src/components/FlyingCartItem.tsx
/workspace/shadcn-ui/src/components/Footer.tsx
/workspace/shadcn-ui/src/components/Header.tsx
/workspace/shadcn-ui/src/components/ProductCard.tsx
/workspace/shadcn-ui/src/components/ui/accordion.tsx
/workspace/shadcn-ui/src/components/ui/alert-dialog.tsx
/workspace/shadcn-ui/src/components/ui/alert.tsx
$ pnpm i && pnpm run lint && pnpm run build

Lockfile is up to date, resolution step is skipped
Already up to date

╭ Warning ─────────────────────────────────────────────────────────────────────╮
│                                                                              │
│   Ignored build scripts: esbuild, sharp.                                     │
│   Run "pnpm approve-builds" to pick which dependencies should be allowed     │
│   to run scripts.                                                            │
│                                                                              │
╰──────────────────────────────────────────────────────────────────────────────╯

Done in 1.1s using pnpm v10.17.0

> worksheet-ecommerce@0.0.0 lint /workspace/shadcn-ui
> eslint . --report-unused-disable-directives --max-warnings 0


/workspace/shadcn-ui/src/components/ui/badge.tsx
  29:17  warning  Fast refresh only works when a file only exports components. Use a new file to share constants or functions between components  react-refresh/only-export-components

/workspace/shadcn-ui/src/components/ui/button.tsx
  43:18  warning  Fast refresh only works when a file only exports components. Use a new file to share constants or functions between components  react-refresh/only-export-components

/workspace/shadcn-ui/src/components/ui/form.tsx
  122:10  warning  Fast refresh only works when a file only exports components. Use a new file to share constants or functions between components  react-refresh/only-export-components

/workspace/shadcn-ui/src/components/ui/navigation-menu.tsx
  107:3  warning  Fast refresh only works when a file only exports components. Use a new file to share constants or functions between components  react-refresh/only-export-components

/workspace/shadcn-ui/src/components/ui/sidebar.tsx
  597:3  warning  Fast refresh only works when a file only exports components. Use a new file to share constants or functions between components  react-refresh/only-export-components

/workspace/shadcn-ui/src/components/ui/sonner.tsx
  27:19  warning  Fast refresh only works when a file only exports components. Use a new file to share constants or functions between components  react-refresh/only-export-components

/workspace/shadcn-ui/src/components/ui/toggle.tsx
  37:18  warning  Fast refresh only works when a file only exports components. Use a new file to share constants or functions between components  react-refresh/only-export-components

/workspace/shadcn-ui/src/pages/ProductsPage.tsx
  33:37  error  Unexpected any. Specify a different type  @typescript-eslint/no-explicit-any
  44:48  error  Unexpected any. Specify a different type  @typescript-eslint/no-explicit-any

/workspace/shadcn-ui/src/pages/ThankYouPage.tsx
  14:52  error  Unexpected any. Specify a different type  @typescript-eslint/no-explicit-any
  91:54  error  Unexpected any. Specify a different type  @typescript-eslint/no-explicit-any

/workspace/shadcn-ui/supabase/functions/app_2e6163d1d7_send_order_email/index.ts
  62:46  error  Unexpected any. Specify a different type  @typescript-eslint/no-explicit-any

/workspace/shadcn-ui/supabase/functions/send-order-email/index.ts
  62:46  error  Unexpected any. Specify a different type  @typescript-eslint/no-explicit-any

✖ 13 problems (6 errors, 7 warnings)

 ELIFECYCLE  Command failed with exit code 1.
$ pnpm run lint && pnpm run build


> worksheet-ecommerce@0.0.0 lint /workspace/shadcn-ui
> eslint . --report-unused-disable-directives --max-warnings 0


/workspace/shadcn-ui/src/components/ui/badge.tsx
  29:17  warning  Fast refresh only works when a file only exports components. Use a new file to share constants or functions between components  react-refresh/only-export-components

/workspace/shadcn-ui/src/components/ui/button.tsx
  43:18  warning  Fast refresh only works when a file only exports components. Use a new file to share constants or functions between components  react-refresh/only-export-components

/workspace/shadcn-ui/src/components/ui/form.tsx
  122:10  warning  Fast refresh only works when a file only exports components. Use a new file to share constants or functions between components  react-refresh/only-export-components

/workspace/shadcn-ui/src/components/ui/navigation-menu.tsx
  107:3  warning  Fast refresh only works when a file only exports components. Use a new file to share constants or functions between components  react-refresh/only-export-components

/workspace/shadcn-ui/src/components/ui/sidebar.tsx
  597:3  warning  Fast refresh only works when a file only exports components. Use a new file to share constants or functions between components  react-refresh/only-export-components

/workspace/shadcn-ui/src/components/ui/sonner.tsx
  27:19  warning  Fast refresh only works when a file only exports components. Use a new file to share constants or functions between components  react-refresh/only-export-components

/workspace/shadcn-ui/src/components/ui/toggle.tsx
  37:18  warning  Fast refresh only works when a file only exports components. Use a new file to share constants or functions between components  react-refresh/only-export-components

/workspace/shadcn-ui/supabase/functions/app_2e6163d1d7_send_order_email/index.ts
  62:46  error  Unexpected any. Specify a different type  @typescript-eslint/no-explicit-any

✖ 8 problems (1 error, 7 warnings)

 ELIFECYCLE  Command failed with exit code 1.
$ pnpm run lint && pnpm run build


> worksheet-ecommerce@0.0.0 lint /workspace/shadcn-ui
> eslint . --report-unused-disable-directives --max-warnings 0


/workspace/shadcn-ui/src/components/ui/badge.tsx
  29:17  warning  Fast refresh only works when a file only exports components. Use a new file to share constants or functions between components  react-refresh/only-export-components

/workspace/shadcn-ui/src/components/ui/button.tsx
  43:18  warning  Fast refresh only works when a file only exports components. Use a new file to share constants or functions between components  react-refresh/only-export-components

/workspace/shadcn-ui/src/components/ui/form.tsx
  122:10  warning  Fast refresh only works when a file only exports components. Use a new file to share constants or functions between components  react-refresh/only-export-components

/workspace/shadcn-ui/src/components/ui/navigation-menu.tsx
  107:3  warning  Fast refresh only works when a file only exports components. Use a new file to share constants or functions between components  react-refresh/only-export-components

/workspace/shadcn-ui/src/components/ui/sidebar.tsx
  597:3  warning  Fast refresh only works when a file only exports components. Use a new file to share constants or functions between components  react-refresh/only-export-components

/workspace/shadcn-ui/src/components/ui/sonner.tsx
  27:19  warning  Fast refresh only works when a file only exports components. Use a new file to share constants or functions between components  react-refresh/only-export-components

/workspace/shadcn-ui/src/components/ui/toggle.tsx
  37:18  warning  Fast refresh only works when a file only exports components. Use a new file to share constants or functions between components  react-refresh/only-export-components

✖ 7 problems (0 errors, 7 warnings)

ESLint found too many warnings (maximum: 0).
 ELIFECYCLE  Command failed with exit code 1.
$ pnpm run build


> worksheet-ecommerce@0.0.0 build /workspace/shadcn-ui
> tsc && vite build

vite v5.4.20 building for production...
transforming...
node_modules/.pnpm/next-themes@0.2.1_next@15.5.3_@babel+core@7.28.4_react-dom@18.3.1_react@18.3.1__react@1_7a779f7bb46a910c3cb8962e31b75ac8/node_modules/next-themes/dist/index.module.js (1:1576): A comment

"/*#__PURE__*/"

in "node_modules/.pnpm/next-themes@0.2.1_next@15.5.3_@babel+core@7.28.4_react-dom@18.3.1_react@18.3.1__react@1_7a779f7bb46a910c3cb8962e31b75ac8/node_modules/next-themes/dist/index.module.js" contains an annotation that Rollup cannot interpret due to the position of the comment. The comment will be removed to avoid issues.
node_modules/.pnpm/next-themes@0.2.1_next@15.5.3_@babel+core@7.28.4_react-dom@18.3.1_react@18.3.1__react@1_7a779f7bb46a910c3cb8962e31b75ac8/node_modules/next-themes/dist/index.module.js (1:2992): A comment

"/*#__PURE__*/"

in "node_modules/.pnpm/next-themes@0.2.1_next@15.5.3_@babel+core@7.28.4_react-dom@18.3.1_react@18.3.1__react@1_7a779f7bb46a910c3cb8962e31b75ac8/node_modules/next-themes/dist/index.module.js" contains an annotation that Rollup cannot interpret due to the position of the comment. The comment will be removed to avoid issues.
✓ 1749 modules transformed.
x Build failed in 3.90s
error during build:
src/pages/ProductsPage.tsx (9:23): "mockCategories" is not exported by "src/data/mockData.ts", imported by "src/pages/ProductsPage.tsx".
file: /workspace/shadcn-ui/src/pages/ProductsPage.tsx:9:23

 7: import { Badge } from '@/components/ui/badge';
 8: import ProductCard from '@/components/ProductCard';
 9: import { mockProducts, mockCategories } from '@/data/mockData';
                           ^
10: import { Product, Category } from '@/types';

    at getRollupError (file:///workspace/shadcn-ui/node_modules/.pnpm/rollup@4.50.2/node_modules/rollup/dist/es/shared/parseAst.js:401:41)
    at error (file:///workspace/shadcn-ui/node_modules/.pnpm/rollup@4.50.2/node_modules/rollup/dist/es/shared/parseAst.js:397:42)
    at Module.error (file:///workspace/shadcn-ui/node_modules/.pnpm/rollup@4.50.2/node_modules/rollup/dist/es/shared/node-entry.js:16948:16)
    at Module.traceVariable (file:///workspace/shadcn-ui/node_modules/.pnpm/rollup@4.50.2/node_modules/rollup/dist/es/shared/node-entry.js:17400:29)
    at ModuleScope.findVariable (file:///workspace/shadcn-ui/node_modules/.pnpm/rollup@4.50.2/node_modules/rollup/dist/es/shared/node-entry.js:15070:39)
    at ReturnValueScope.findVariable (file:///workspace/shadcn-ui/node_modules/.pnpm/rollup@4.50.2/node_modules/rollup/dist/es/shared/node-entry.js:5642:38)
    at FunctionBodyScope.findVariable (file:///workspace/shadcn-ui/node_modules/.pnpm/rollup@4.50.2/node_modules/rollup/dist/es/shared/node-entry.js:5642:38)
    at Identifier.bind (file:///workspace/shadcn-ui/node_modules/.pnpm/rollup@4.50.2/node_modules/rollup/dist/es/shared/node-entry.js:5413:40)
    at CallExpression.bind (file:///workspace/shadcn-ui/node_modules/.pnpm/rollup@4.50.2/node_modules/rollup/dist/es/shared/node-entry.js:2800:28)
    at CallExpression.bind (file:///workspace/shadcn-ui/node_modules/.pnpm/rollup@4.50.2/node_modules/rollup/dist/es/shared/node-entry.js:12096:15)
 ELIFECYCLE  Command failed with exit code 1.
